******************************************************************************
            TI ARM Clang Linker PC v4.0.4                      
******************************************************************************
>> Linked Tue Mar  3 12:14:18 2026

OUTPUT FILE NAME:   <ECE319K_Lab5.out>
ENTRY POINT SYMBOL: "_c_int00_noargs"  address: 00001635


MEMORY CONFIGURATION

         name            origin    length      used     unused   attr    fill
----------------------  --------  ---------  --------  --------  ----  --------
  FLASH                 00000000   00020000  00001e18  0001e1e8  R  X
  SRAM                  20200000   00008000  00000674  0000798c  RW X
  BCR_CONFIG            41c00000   00000080  00000000  00000080  R   
  BSL_CONFIG            41c00100   00000080  00000000  00000080  R   


SEGMENT ALLOCATION MAP

run origin  load origin   length   init length attrs members
----------  ----------- ---------- ----------- ----- -------
00000000    00000000    00001e18   00001e18    r-x
  00000000    00000000    000000c0   000000c0    r-- .intvecs
  000000c0    000000c0    000017a0   000017a0    r-x .text
  00001860    00001860    00000588   00000588    r-- .rodata
  00001de8    00001de8    00000030   00000030    r-- .cinit
20200000    20200000    00000474   00000000    rw-
  20200000    20200000    00000258   00000000    rw- .bss
  20200258    20200258    00000200   00000000    rw- .sysmem
  20200458    20200458    0000001c   00000000    rw- .data
20207e00    20207e00    00000200   00000000    rw-
  20207e00    20207e00    00000200   00000000    rw- .stack


SECTION ALLOCATION MAP

 output                                  attributes/
section   page    origin      length       input sections
--------  ----  ----------  ----------   ----------------
.intvecs   0    00000000    000000c0     
                  00000000    000000c0     startup_mspm0g3507_ticlang.o (.intvecs)

.text      0    000000c0    000017a0     
                  000000c0    000002c4     ECE319K_Lab5Grader.o (.text.FFT)
                  00000384    0000024c     ECE319K_Lab5Grader.o (.text.lab5grader)
                  000005d0    000001d4     ECE319K_Lab5Grader.o (.text.Lab5Grader)
                  000007a4    000001b4     Clock.o (.text.Clock_Init80MHz)
                  00000958    00000158     ECE319K_Lab5Grader.o (.text.CheckInitialization)
                  00000ab0    00000134     ECE319K_Lab5Grader.o (.text.ADC_Init)
                  00000be4    00000130     UARTints.o (.text.UART_Init)
                  00000d14    00000104     ECE319K_Lab5main.o (.text.main)
                  00000e18    000000a8     Timer.o (.text.TimerG7_IntArm)
                  00000ec0    00000088     libc.a : strcmp-armv6m.S.obj (.text:strcmp)
                  00000f48    0000007c     LaunchPad.o (.text.LaunchPad_Init)
                  00000fc4    0000007c     libc.a : copy_decompress_lzss.c.obj (.text:decompress:lzss)
                  00001040    00000060     Timer.o (.text.TimerG12_Init)
                  000010a0    0000005c     UARTints.o (.text.UART0_IRQHandler)
                  000010fc    00000058     UARTints.o (.text.copyHardwareToSoftware)
                  00001154    00000056     libclang_rt.builtins.a : aeabi_idivmod.S.obj (.text.__aeabi_idivmod)
                  000011aa    00000002                            : aeabi_div0.c.obj (.text.__aeabi_idiv0)
                  000011ac    00000050     Dump.o (.text.Debug_Dump)
                  000011fc    0000004c     FIFO.o (.text.RxFifo_Put)
                  00001248    0000004c     ECE319K_Lab5main.o (.text.Sound_Init)
                  00001294    0000004c     FIFO.o (.text.TxFifo_Get)
                  000012e0    0000004c     FIFO.o (.text.TxFifo_Put)
                  0000132c    0000004c     UARTints.o (.text.copySoftwareToHardware)
                  00001378    00000040     UARTints.o (.text.UART_OutChar)
                  000013b8    00000040     libclang_rt.builtins.a : aeabi_uidivmod.S.obj (.text.__aeabi_uidivmod)
                  000013f8    0000003c     DAC5.o (.text.DAC5_Init)
                  00001434    0000003c     libc.a : autoinit.c.obj (.text:__TI_auto_init_nobinit_nopinit)
                  00001470    00000038     LaunchPad.o (.text.ActivatePortA_B)
                  000014a8    00000036     UART.o (.text.UART_OutUDec)
                  000014de    00000034     ECE319K_Lab5Grader.o (.text.setUpper)
                  00001512    00000002     --HOLE-- [fill = 0]
                  00001514    0000002c     ECE319K_Lab5Grader.o (.text.ReadInput)
                  00001540    0000002c     ECE319K_Lab5main.o (.text.SysTick_Handler)
                  0000156c    00000028     ECE319K_Lab5Grader.o (.text.ADC_Start)
                  00001594    00000028     ECE319K_Lab5Grader.o (.text.Grader_Init)
                  000015bc    00000028     Key.o (.text.Key_Init)
                  000015e4    00000028     ECE319K_Lab5Grader.o (.text.LogicAnalyzer)
                  0000160c    00000028     ECE319K_Lab5main.o (.text.Sound_Start)
                  00001634    00000028     libc.a : boot_cortex_m.c.obj (.text:_c_int00_noargs)
                  0000165c    00000026     UART.o (.text.UART_OutString)
                  00001682    00000002     --HOLE-- [fill = 0]
                  00001684    00000024     ECE319K_Lab5Grader.o (.text.TIMG7_IRQHandler)
                  000016a8    00000020     DAC5.o (.text.DAC5_Out)
                  000016c8    00000020     ECE319K_Lab5Grader.o (.text.Random32)
                  000016e8    0000001c     startup_mspm0g3507_ticlang.o (.text.Default_Handler)
                  00001704    0000001c     startup_mspm0g3507_ticlang.o (.text.HardFault_Handler)
                  00001720    00000018     FIFO.o (.text.RxFifo_Size)
                  00001738    00000018     ECE319K_Lab5Grader.o (.text.Scope)
                  00001750    00000018     FIFO.o (.text.TxFifo_Size)
                  00001768    00000016     libc.a : copy_zero_init.c.obj (.text:decompress:ZI:__TI_zero_init_nomemset)
                  0000177e    00000002     --HOLE-- [fill = 0]
                  00001780    00000014     Dump.o (.text.Debug_Init)
                  00001794    00000014     FIFO.o (.text.RxFifo_Init)
                  000017a8    00000014     FIFO.o (.text.TxFifo_Init)
                  000017bc    00000012     libc.a : memcpy16.S.obj (.text:TI_memcpy_small)
                  000017ce    00000012            : copy_decompress_none.c.obj (.text:decompress:none)
                  000017e0    00000010     Clock.o (.text.Clock_Delay)
                  000017f0    00000010     LaunchPad.o (.text.Delay)
                  00001800    00000010     Key.o (.text.Key_In)
                  00001810    00000010     ECE319K_Lab5Grader.o (.text.OutCRLF)
                  00001820    0000000c     Clock.o (.text.Clock_Freq)
                  0000182c    0000000c     ECE319K_Lab5main.o (.text.Sound_Stop)
                  00001838    00000008     libclang_rt.builtins.a : aeabi_memcpy.S.obj (.text.__aeabi_memcpy)
                  00001840    00000006     libc.a : exit.c.obj (.text:abort)
                  00001846    00000004     libsysbm.a : hostexit.c.obj (.text.HOSTexit)
                  0000184a    00000004     startup_mspm0g3507_ticlang.o (.text.Reset_Handler)
                  0000184e    00000004     libc.a : pre_init.c.obj (.text._system_pre_init)
                  00001852    0000000e     --HOLE-- [fill = 0]

.cinit     0    00001de8    00000030     
                  00001de8    0000000c     (.cinit..data.load) [load image, compression = lzss]
                  00001df4    0000000c     (__TI_handler_table)
                  00001e00    00000008     (.cinit..bss.load) [load image, compression = zero_init]
                  00001e08    00000010     (__TI_cinit_table)

.rodata    0    00001860    00000588     
                  00001860    00000280     ECE319K_Lab5Grader.o (.rodata.NotesProblem)
                  00001ae0    00000080     ECE319K_Lab5Grader.o (.rodata.NotesPeriod)
                  00001b60    0000004b     ECE319K_Lab5Grader.o (.rodata.str1.2831041533924961092.1)
                  00001bab    0000003a     ECE319K_Lab5Grader.o (.rodata.str1.3753167930287493833.1)
                  00001be5    00000038     ECE319K_Lab5Grader.o (.rodata.str1.13188357218563198926.1)
                  00001c1d    00000032     ECE319K_Lab5Grader.o (.rodata.str1.14125597502108314896.1)
                  00001c4f    0000002f     ECE319K_Lab5Grader.o (.rodata.str1.11916983087567108417.1)
                  00001c7e    0000002e     ECE319K_Lab5Grader.o (.rodata.str1.9157344974060636180.1)
                  00001cac    00000020     ECE319K_Lab5Grader.o (.rodata.IMULTIPLIERS)
                  00001ccc    00000020     ECE319K_Lab5Grader.o (.rodata.RMULTIPLIERS)
                  00001cec    00000020     ECE319K_Lab5main.o (.rodata.SinWave)
                  00001d0c    0000001c     ECE319K_Lab5Grader.o (.rodata.str1.11809642467900141317.1)
                  00001d28    00000015     ECE319K_Lab5Grader.o (.rodata.str1.3525422095670658102.1)
                  00001d3d    00000014     ECE319K_Lab5Grader.o (.rodata.str1.4481438830803098069.1)
                  00001d51    00000014     ECE319K_Lab5Grader.o (.rodata.str1.5560219960635954075.1)
                  00001d65    00000013     ECE319K_Lab5Grader.o (.rodata.str1.11270995160232060492.1)
                  00001d78    00000011     ECE319K_Lab5Grader.o (.rodata.str1.6142149970032930034.1)
                  00001d89    00000010     ECE319K_Lab5Grader.o (.rodata.str1.14245708735948419566.1)
                  00001d99    00000010     ECE319K_Lab5Grader.o (.rodata.str1.15764156664788727584.1)
                  00001da9    0000000f     ECE319K_Lab5Grader.o (.rodata.str1.9964861412651002306.1)
                  00001db8    0000000e     ECE319K_Lab5Grader.o (.rodata.str1.12550021390912809959.1)
                  00001dc6    0000000d     ECE319K_Lab5Grader.o (.rodata.str1.1830190667680462960.1)
                  00001dd3    00000008     ECE319K_Lab5main.o (.rodata.EID1)
                  00001ddb    00000007     ECE319K_Lab5Grader.o (.rodata.str1.2010255871548557574.1)
                  00001de2    00000006     --HOLE-- [fill = 0]

.init_array 
*          0    00000000    00000000     UNINITIALIZED

.binit     0    00000000    00000000     

.bss       0    20200000    00000258     UNINITIALIZED
                  20200000    000000c8     (.common:DataBuffer)
                  202000c8    000000c8     (.common:TimeBuffer)
                  20200190    00000040     FIFO.o (.bss.TxFifo)
                  202001d0    00000040     (.common:Last16ADCresults)
                  20200210    00000010     FIFO.o (.bss.RxFifo)
                  20200220    00000004     (.common:DebugCnt)
                  20200224    00000004     (.common:LastIn)
                  20200228    00000004     (.common:M)
                  2020022c    00000004     (.common:Mask)
                  20200230    00000004     (.common:PeriodicTask2)
                  20200234    00000004     (.common:RxGetI)
                  20200238    00000004     (.common:RxPutI)
                  2020023c    00000004     (.common:SampleFlag)
                  20200240    00000004     (.common:State)
                  20200244    00000004     (.common:TExaSadc)
                  20200248    00000004     (.common:TxGetI)
                  2020024c    00000004     (.common:TxPutI)
                  20200250    00000004     (.common:key)
                  20200254    00000004     (.common:last)

.sysmem    0    20200258    00000200     UNINITIALIZED
                  20200258    00000010     libc.a : memory.c.obj (.sysmem)
                  20200268    000001f0     --HOLE--

.data      0    20200458    0000001c     UNINITIALIZED
                  20200458    00000004     Clock.o (.data.BusFreq)
                  2020045c    00000004     ECE319K_Lab5Grader.o (.data.Fail)
                  20200460    00000004     ECE319K_Lab5main.o (.data.Index)
                  20200464    00000004     ECE319K_Lab5Grader.o (.data.Last16ADCindex)
                  20200468    00000004     ECE319K_Lab5Grader.o (.data.NotesMode)
                  2020046c    00000004     ECE319K_Lab5Grader.o (.data.Score)
                  20200470    00000004     ECE319K_Lab5Grader.o (.data.Time)

.stack     0    20207e00    00000200     UNINITIALIZED
                  20207e00    00000004     libc.a : boot_cortex_m.c.obj (.stack)
                  20207e04    000001fc     --HOLE--

__llvm_prf_cnts 
*          0    20200000    00000000     UNINITIALIZED

__llvm_prf_bits 
*          0    20200000    00000000     UNINITIALIZED

MODULE SUMMARY

       Module                         code   ro data   rw data
       ------                         ----   -------   -------
    .\
       ECE319K_Lab5Grader.o           2740   1370      112    
       UARTints.o                     624    0         0      
       Dump.o                         100    0         404    
       ECE319K_Lab5main.o             432    40        12     
       Clock.o                        464    0         4      
       FIFO.o                         316    0         96     
       Timer.o                        264    0         0      
       LaunchPad.o                    196    0         0      
       DAC5.o                         92     0         0      
       UART.o                         92     0         0      
       Key.o                          56     0         0      
    +--+------------------------------+------+---------+---------+
       Total:                         5376   1410      628    
                                                              
    .\ticlang\
       startup_mspm0g3507_ticlang.o   60     192       0      
    +--+------------------------------+------+---------+---------+
       Total:                         60     192       0      
                                                              
    C:\ti\ccs2031\ccs\tools\compiler\ti-cgt-armllvm_4.0.4.LTS\lib\armv6m-ti-none-eabi/c/libc.a
       strcmp-armv6m.S.obj            136    0         0      
       copy_decompress_lzss.c.obj     124    0         0      
       autoinit.c.obj                 60     0         0      
       boot_cortex_m.c.obj            40     0         0      
       copy_zero_init.c.obj           22     0         0      
       copy_decompress_none.c.obj     18     0         0      
       memcpy16.S.obj                 18     0         0      
       exit.c.obj                     6      0         0      
       pre_init.c.obj                 4      0         0      
    +--+------------------------------+------+---------+---------+
       Total:                         428    0         0      
                                                              
    C:\ti\ccs2031\ccs\tools\compiler\ti-cgt-armllvm_4.0.4.LTS\lib\armv6m-ti-none-eabi/c/libsysbm.a
       hostexit.c.obj                 4      0         0      
    +--+------------------------------+------+---------+---------+
       Total:                         4      0         0      
                                                              
    C:\ti\ccs2031\ccs\tools\compiler\ti-cgt-armllvm_4.0.4.LTS\lib\armv6m-ti-none-eabi/libclang_rt.builtins.a
       aeabi_idivmod.S.obj            86     0         0      
       aeabi_uidivmod.S.obj           64     0         0      
       aeabi_memcpy.S.obj             8      0         0      
       aeabi_div0.c.obj               2      0         0      
    +--+------------------------------+------+---------+---------+
       Total:                         160    0         0      
                                                              
       Heap:                          0      0         512    
       Stack:                         0      0         512    
       Linker Generated:              0      48        0      
    +--+------------------------------+------+---------+---------+
       Grand Total:                   6028   1650      1652   


LINKER GENERATED COPY TABLES

__TI_cinit_table @ 00001e08 records: 2, size/record: 8, table size: 16
	.data: load addr=00001de8, load size=0000000c bytes, run addr=20200458, run size=0000001c bytes, compression=lzss
	.bss: load addr=00001e00, load size=00000008 bytes, run addr=20200000, run size=00000258 bytes, compression=zero_init


LINKER GENERATED HANDLER TABLE

__TI_handler_table @ 00001df4 records: 3, size/record: 4, table size: 12
	index: 0, handler: __TI_decompress_lzss
	index: 1, handler: __TI_decompress_none
	index: 2, handler: __TI_zero_init


GLOBAL SYMBOLS: SORTED ALPHABETICALLY BY Name 

address   name                          
-------   ----                          
000016e9  ADC0_IRQHandler               
000016e9  ADC1_IRQHandler               
00000ab1  ADC_Init                      
0000156d  ADC_Start                     
000016e9  AES_IRQHandler                
00001471  ActivatePortA_B               
20200458  BusFreq                       
00001846  C$$EXIT                       
000016e9  CANFD0_IRQHandler             
00000959  CheckInitialization           
000017e1  Clock_Delay                   
00001821  Clock_Freq                    
000007a5  Clock_Init80MHz               
000016e9  DAC0_IRQHandler               
000013f9  DAC5_Init                     
000016a9  DAC5_Out                      
000016e9  DMA_IRQHandler                
20200000  DataBuffer                    
20200220  DebugCnt                      
000011ad  Debug_Dump                    
00001781  Debug_Init                    
000016e9  Default_Handler               
000017f1  Delay                         
00001dd3  EID1                          
000000c1  FFT                           
000016e9  GROUP0_IRQHandler             
000016e9  GROUP1_IRQHandler             
00001595  Grader_Init                   
00001847  HOSTexit                      
00001705  HardFault_Handler             
000016e9  I2C0_IRQHandler               
000016e9  I2C1_IRQHandler               
00001cac  IMULTIPLIERS                  
20200460  Index                         
00001801  Key_In                        
000015bd  Key_Init                      
000005d1  Lab5Grader                    
20200464  Last16ADCindex                
202001d0  Last16ADCresults              
20200224  LastIn                        
00000f49  LaunchPad_Init                
000015e5  LogicAnalyzer                 
20200228  M                             
2020022c  Mask                          
000016e9  NMI_Handler                   
20200468  NotesMode                     
00001ae0  NotesPeriod                   
00001860  NotesProblem                  
00001811  OutCRLF                       
000016e9  PendSV_Handler                
20200230  PeriodicTask2                 
00001ccc  RMULTIPLIERS                  
000016e9  RTC_IRQHandler                
000016c9  Random32                      
00001515  ReadInput                     
0000184b  Reset_Handler                 
00001795  RxFifo_Init                   
000011fd  RxFifo_Put                    
00001721  RxFifo_Size                   
20200234  RxGetI                        
20200238  RxPutI                        
000016e9  SPI0_IRQHandler               
000016e9  SPI1_IRQHandler               
000016e9  SVC_Handler                   
2020023c  SampleFlag                    
00001739  Scope                         
00001cec  SinWave                       
00001249  Sound_Init                    
0000160d  Sound_Start                   
0000182d  Sound_Stop                    
20200240  State                         
00001541  SysTick_Handler               
20200244  TExaSadc                      
000016e9  TIMA0_IRQHandler              
000016e9  TIMA1_IRQHandler              
000016e9  TIMG0_IRQHandler              
000016e9  TIMG12_IRQHandler             
000016e9  TIMG6_IRQHandler              
00001685  TIMG7_IRQHandler              
000016e9  TIMG8_IRQHandler              
000017bd  TI_memcpy_small               
202000c8  TimeBuffer                    
00001041  TimerG12_Init                 
00000e19  TimerG7_IntArm                
00001295  TxFifo_Get                    
000017a9  TxFifo_Init                   
000012e1  TxFifo_Put                    
00001751  TxFifo_Size                   
20200248  TxGetI                        
2020024c  TxPutI                        
000010a1  UART0_IRQHandler              
000016e9  UART1_IRQHandler              
000016e9  UART2_IRQHandler              
000016e9  UART3_IRQHandler              
00000be5  UART_Init                     
00001379  UART_OutChar                  
0000165d  UART_OutString                
000014a9  UART_OutUDec                  
20208000  __STACK_END                   
00000200  __STACK_SIZE                  
00000200  __SYSMEM_SIZE                 
00000000  __TI_ATRegion0_region_sz      
00000000  __TI_ATRegion0_src_addr       
00000000  __TI_ATRegion0_trg_addr       
00000000  __TI_ATRegion1_region_sz      
00000000  __TI_ATRegion1_src_addr       
00000000  __TI_ATRegion1_trg_addr       
00000000  __TI_ATRegion2_region_sz      
00000000  __TI_ATRegion2_src_addr       
00000000  __TI_ATRegion2_trg_addr       
00001e08  __TI_CINIT_Base               
00001e18  __TI_CINIT_Limit              
00001e18  __TI_CINIT_Warm               
00001df4  __TI_Handler_Table_Base       
00001e00  __TI_Handler_Table_Limit      
00001435  __TI_auto_init_nobinit_nopinit
00000fc5  __TI_decompress_lzss          
000017cf  __TI_decompress_none          
ffffffff  __TI_pprof_out_hndl           
ffffffff  __TI_prof_data_size           
ffffffff  __TI_prof_data_start          
00000000  __TI_static_base__            
00001769  __TI_zero_init_nomemset       
00001155  __aeabi_idiv                  
000011ab  __aeabi_idiv0                 
00001155  __aeabi_idivmod               
00001839  __aeabi_memcpy                
00001839  __aeabi_memcpy4               
00001839  __aeabi_memcpy8               
000013b9  __aeabi_uidiv                 
000013b9  __aeabi_uidivmod              
ffffffff  __binit__                     
UNDEFED   __mpu_init                    
20207e00  __stack                       
20200000  __start___llvm_prf_bits       
20200000  __start___llvm_prf_cnts       
20200000  __stop___llvm_prf_bits        
20200000  __stop___llvm_prf_cnts        
00001635  _c_int00_noargs               
20200258  _sys_memory                   
UNDEFED   _system_post_cinit            
0000184f  _system_pre_init              
00001841  abort                         
ffffffff  binit                         
00000000  interruptVectors              
20200250  key                           
00000385  lab5grader                    
20200254  last                          
00000d15  main                          
000014df  setUpper                      
00000ec1  strcmp                        


GLOBAL SYMBOLS: SORTED BY Symbol Address 

address   name                          
-------   ----                          
00000000  __TI_ATRegion0_region_sz      
00000000  __TI_ATRegion0_src_addr       
00000000  __TI_ATRegion0_trg_addr       
00000000  __TI_ATRegion1_region_sz      
00000000  __TI_ATRegion1_src_addr       
00000000  __TI_ATRegion1_trg_addr       
00000000  __TI_ATRegion2_region_sz      
00000000  __TI_ATRegion2_src_addr       
00000000  __TI_ATRegion2_trg_addr       
00000000  __TI_static_base__            
00000000  interruptVectors              
000000c1  FFT                           
00000200  __STACK_SIZE                  
00000200  __SYSMEM_SIZE                 
00000385  lab5grader                    
000005d1  Lab5Grader                    
000007a5  Clock_Init80MHz               
00000959  CheckInitialization           
00000ab1  ADC_Init                      
00000be5  UART_Init                     
00000d15  main                          
00000e19  TimerG7_IntArm                
00000ec1  strcmp                        
00000f49  LaunchPad_Init                
00000fc5  __TI_decompress_lzss          
00001041  TimerG12_Init                 
000010a1  UART0_IRQHandler              
00001155  __aeabi_idiv                  
00001155  __aeabi_idivmod               
000011ab  __aeabi_idiv0                 
000011ad  Debug_Dump                    
000011fd  RxFifo_Put                    
00001249  Sound_Init                    
00001295  TxFifo_Get                    
000012e1  TxFifo_Put                    
00001379  UART_OutChar                  
000013b9  __aeabi_uidiv                 
000013b9  __aeabi_uidivmod              
000013f9  DAC5_Init                     
00001435  __TI_auto_init_nobinit_nopinit
00001471  ActivatePortA_B               
000014a9  UART_OutUDec                  
000014df  setUpper                      
00001515  ReadInput                     
00001541  SysTick_Handler               
0000156d  ADC_Start                     
00001595  Grader_Init                   
000015bd  Key_Init                      
000015e5  LogicAnalyzer                 
0000160d  Sound_Start                   
00001635  _c_int00_noargs               
0000165d  UART_OutString                
00001685  TIMG7_IRQHandler              
000016a9  DAC5_Out                      
000016c9  Random32                      
000016e9  ADC0_IRQHandler               
000016e9  ADC1_IRQHandler               
000016e9  AES_IRQHandler                
000016e9  CANFD0_IRQHandler             
000016e9  DAC0_IRQHandler               
000016e9  DMA_IRQHandler                
000016e9  Default_Handler               
000016e9  GROUP0_IRQHandler             
000016e9  GROUP1_IRQHandler             
000016e9  I2C0_IRQHandler               
000016e9  I2C1_IRQHandler               
000016e9  NMI_Handler                   
000016e9  PendSV_Handler                
000016e9  RTC_IRQHandler                
000016e9  SPI0_IRQHandler               
000016e9  SPI1_IRQHandler               
000016e9  SVC_Handler                   
000016e9  TIMA0_IRQHandler              
000016e9  TIMA1_IRQHandler              
000016e9  TIMG0_IRQHandler              
000016e9  TIMG12_IRQHandler             
000016e9  TIMG6_IRQHandler              
000016e9  TIMG8_IRQHandler              
000016e9  UART1_IRQHandler              
000016e9  UART2_IRQHandler              
000016e9  UART3_IRQHandler              
00001705  HardFault_Handler             
00001721  RxFifo_Size                   
00001739  Scope                         
00001751  TxFifo_Size                   
00001769  __TI_zero_init_nomemset       
00001781  Debug_Init                    
00001795  RxFifo_Init                   
000017a9  TxFifo_Init                   
000017bd  TI_memcpy_small               
000017cf  __TI_decompress_none          
000017e1  Clock_Delay                   
000017f1  Delay                         
00001801  Key_In                        
00001811  OutCRLF                       
00001821  Clock_Freq                    
0000182d  Sound_Stop                    
00001839  __aeabi_memcpy                
00001839  __aeabi_memcpy4               
00001839  __aeabi_memcpy8               
00001841  abort                         
00001846  C$$EXIT                       
00001847  HOSTexit                      
0000184b  Reset_Handler                 
0000184f  _system_pre_init              
00001860  NotesProblem                  
00001ae0  NotesPeriod                   
00001cac  IMULTIPLIERS                  
00001ccc  RMULTIPLIERS                  
00001cec  SinWave                       
00001dd3  EID1                          
00001df4  __TI_Handler_Table_Base       
00001e00  __TI_Handler_Table_Limit      
00001e08  __TI_CINIT_Base               
00001e18  __TI_CINIT_Limit              
00001e18  __TI_CINIT_Warm               
20200000  DataBuffer                    
20200000  __start___llvm_prf_bits       
20200000  __start___llvm_prf_cnts       
20200000  __stop___llvm_prf_bits        
20200000  __stop___llvm_prf_cnts        
202000c8  TimeBuffer                    
202001d0  Last16ADCresults              
20200220  DebugCnt                      
20200224  LastIn                        
20200228  M                             
2020022c  Mask                          
20200230  PeriodicTask2                 
20200234  RxGetI                        
20200238  RxPutI                        
2020023c  SampleFlag                    
20200240  State                         
20200244  TExaSadc                      
20200248  TxGetI                        
2020024c  TxPutI                        
20200250  key                           
20200254  last                          
20200258  _sys_memory                   
20200458  BusFreq                       
20200460  Index                         
20200464  Last16ADCindex                
20200468  NotesMode                     
20207e00  __stack                       
20208000  __STACK_END                   
ffffffff  __TI_pprof_out_hndl           
ffffffff  __TI_prof_data_size           
ffffffff  __TI_prof_data_start          
ffffffff  __binit__                     
ffffffff  binit                         
UNDEFED   __mpu_init                    
UNDEFED   _system_post_cinit            

[151 symbols]
